Flow report for ComplexCounter
Fri Oct 10 10:52:10 2025
Quartus Prime Version 23.1std.1 Build 993 05/14/2024 SC Lite Edition


---------------------
; Table of Contents ;
---------------------
  1. Legal Notice
  2. Flow Summary
  3. Flow Settings
  4. Flow Non-Default Global Settings
  5. Flow Elapsed Time
  6. Flow OS Summary
  7. Flow Log
  8. Flow Messages
  9. Flow Suppressed Messages



----------------
; Legal Notice ;
----------------
Copyright (C) 2024  Intel Corporation. All rights reserved.
Your use of Intel Corporation's design tools, logic functions 
and other software and tools, and any partner logic 
functions, and any output files from any of the foregoing 
(including device programming or simulation files), and any 
associated documentation or information are expressly subject 
to the terms and conditions of the Intel Program License 
Subscription Agreement, the Intel Quartus Prime License Agreement,
the Intel FPGA IP License Agreement, or other applicable license
agreement, including, without limitation, that your use is for
the sole purpose of programming logic devices manufactured by
Intel and sold by Intel or its authorized distributors.  Please
refer to the applicable agreement for further details, at
https://fpgasoftware.intel.com/eula.



+-------------------------------------------------------------------------------------+
; Flow Summary                                                                        ;
+------------------------------------+------------------------------------------------+
; Flow Status                        ; Successful - Fri Oct 10 10:52:10 2025          ;
; Quartus Prime Version              ; 23.1std.1 Build 993 05/14/2024 SC Lite Edition ;
; Revision Name                      ; ComplexCounter                                 ;
; Top-level Entity Name              ; complexcounter                                 ;
; Family                             ; Cyclone IV E                                   ;
; Device                             ; EP4CE115F29C7                                  ;
; Timing Models                      ; Final                                          ;
; Total logic elements               ; 11 / 114,480 ( < 1 % )                         ;
;     Total combinational functions  ; 10 / 114,480 ( < 1 % )                         ;
;     Dedicated logic registers      ; 8 / 114,480 ( < 1 % )                          ;
; Total registers                    ; 8                                              ;
; Total pins                         ; 7 / 529 ( 1 % )                                ;
; Total virtual pins                 ; 0                                              ;
; Total memory bits                  ; 0 / 3,981,312 ( 0 % )                          ;
; Embedded Multiplier 9-bit elements ; 0 / 532 ( 0 % )                                ;
; Total PLLs                         ; 0 / 4 ( 0 % )                                  ;
+------------------------------------+------------------------------------------------+


+-----------------------------------------+
; Flow Settings                           ;
+-------------------+---------------------+
; Option            ; Setting             ;
+-------------------+---------------------+
; Start date & time ; 10/10/2025 10:46:42 ;
; Main task         ; Compilation         ;
; Revision Name     ; ComplexCounter      ;
+-------------------+---------------------+


+---------------------------------------------------------------------------------------------------------------------------------------------------+
; Flow Non-Default Global Settings                                                                                                                  ;
+-------------------------------------+----------------------------------------+---------------+----------------+-----------------------------------+
; Assignment Name                     ; Value                                  ; Default Value ; Entity Name    ; Section Id                        ;
+-------------------------------------+----------------------------------------+---------------+----------------+-----------------------------------+
; COMPILER_SIGNATURE_ID               ; 190090206484320.176007520211116        ; --            ; --             ; --                                ;
; EDA_GENERATE_FUNCTIONAL_NETLIST     ; Off                                    ; --            ; --             ; eda_board_design_timing           ;
; EDA_GENERATE_FUNCTIONAL_NETLIST     ; Off                                    ; --            ; --             ; eda_board_design_boundary_scan    ;
; EDA_GENERATE_FUNCTIONAL_NETLIST     ; Off                                    ; --            ; --             ; eda_board_design_signal_integrity ;
; EDA_GENERATE_FUNCTIONAL_NETLIST     ; Off                                    ; --            ; --             ; eda_board_design_symbol           ;
; EDA_OUTPUT_DATA_FORMAT              ; Verilog Hdl                            ; --            ; --             ; eda_simulation                    ;
; EDA_SIMULATION_TOOL                 ; Questa Intel FPGA (Verilog)            ; <None>        ; --             ; --                                ;
; EDA_TIME_SCALE                      ; 1 ps                                   ; --            ; --             ; eda_simulation                    ;
; MAX_CORE_JUNCTION_TEMP              ; 85                                     ; --            ; --             ; --                                ;
; MIN_CORE_JUNCTION_TEMP              ; 0                                      ; --            ; --             ; --                                ;
; NOMINAL_CORE_SUPPLY_VOLTAGE         ; 1.2V                                   ; --            ; --             ; --                                ;
; PARTITION_COLOR                     ; -- (Not supported for targeted family) ; --            ; complexcounter ; Top                               ;
; PARTITION_FITTER_PRESERVATION_LEVEL ; -- (Not supported for targeted family) ; --            ; complexcounter ; Top                               ;
; PARTITION_NETLIST_TYPE              ; -- (Not supported for targeted family) ; --            ; complexcounter ; Top                               ;
; PROJECT_OUTPUT_DIRECTORY            ; output_files                           ; --            ; --             ; --                                ;
+-------------------------------------+----------------------------------------+---------------+----------------+-----------------------------------+


+--------------------------------------------------------------------------------------------------------------------------+
; Flow Elapsed Time                                                                                                        ;
+----------------------+--------------+-------------------------+---------------------+------------------------------------+
; Module Name          ; Elapsed Time ; Average Processors Used ; Peak Virtual Memory ; Total CPU Time (on all processors) ;
+----------------------+--------------+-------------------------+---------------------+------------------------------------+
; Analysis & Synthesis ; 00:00:10     ; 1.0                     ; 4856 MB             ; 00:00:23                           ;
; Fitter               ; 00:00:12     ; 1.0                     ; 5736 MB             ; 00:00:19                           ;
; Assembler            ; 00:00:03     ; 1.0                     ; 4979 MB             ; 00:00:03                           ;
; Timing Analyzer      ; 00:00:02     ; 1.0                     ; 4881 MB             ; 00:00:02                           ;
; EDA Netlist Writer   ; 00:00:00     ; 1.0                     ; 4664 MB             ; 00:00:01                           ;
; EDA Netlist Writer   ; 00:00:01     ; 1.0                     ; 4648 MB             ; 00:00:01                           ;
; EDA Netlist Writer   ; 00:00:01     ; 1.0                     ; 4648 MB             ; 00:00:01                           ;
; EDA Netlist Writer   ; 00:00:00     ; 1.0                     ; 4648 MB             ; 00:00:01                           ;
; EDA Netlist Writer   ; 00:00:00     ; 1.0                     ; 4664 MB             ; 00:00:01                           ;
; Total                ; 00:00:29     ; --                      ; --                  ; 00:00:52                           ;
+----------------------+--------------+-------------------------+---------------------+------------------------------------+


+------------------------------------------------------------------------------------+
; Flow OS Summary                                                                    ;
+----------------------+------------------+------------+------------+----------------+
; Module Name          ; Machine Hostname ; OS Name    ; OS Version ; Processor type ;
+----------------------+------------------+------------+------------+----------------+
; Analysis & Synthesis ; AliyanZbook      ; Windows 10 ; 10.0       ; x86_64         ;
; Fitter               ; AliyanZbook      ; Windows 10 ; 10.0       ; x86_64         ;
; Assembler            ; AliyanZbook      ; Windows 10 ; 10.0       ; x86_64         ;
; Timing Analyzer      ; AliyanZbook      ; Windows 10 ; 10.0       ; x86_64         ;
; EDA Netlist Writer   ; AliyanZbook      ; Windows 10 ; 10.0       ; x86_64         ;
; EDA Netlist Writer   ; AliyanZbook      ; Windows 10 ; 10.0       ; x86_64         ;
; EDA Netlist Writer   ; AliyanZbook      ; Windows 10 ; 10.0       ; x86_64         ;
; EDA Netlist Writer   ; AliyanZbook      ; Windows 10 ; 10.0       ; x86_64         ;
; EDA Netlist Writer   ; AliyanZbook      ; Windows 10 ; 10.0       ; x86_64         ;
+----------------------+------------------+------------+------------+----------------+


------------
; Flow Log ;
------------
quartus_map --read_settings_files=on --write_settings_files=off ComplexCounter -c ComplexCounter
quartus_fit --read_settings_files=off --write_settings_files=off ComplexCounter -c ComplexCounter
quartus_asm --read_settings_files=off --write_settings_files=off ComplexCounter -c ComplexCounter
quartus_sta ComplexCounter -c ComplexCounter
quartus_eda --read_settings_files=off --write_settings_files=off ComplexCounter -c ComplexCounter
quartus_eda --gen_testbench --tool=modelsim_oem --format=vhdl --write_settings_files=off ComplexCounter -c ComplexCounter --vector_source=C:/Software/DSD_Lab/Lab5/Task1/output_files/Waveform.vwf --testbench_file=C:/Software/DSD_Lab/Lab5/Task1/simulation/qsim/output_files/Waveform.vwf.vht
quartus_eda --gen_testbench --tool=modelsim_oem --format=vhdl --write_settings_files=off ComplexCounter -c ComplexCounter --vector_source=C:/Software/DSD_Lab/Lab5/Task1/output_files/Waveform1.vwf --testbench_file=C:/Software/DSD_Lab/Lab5/Task1/simulation/qsim/output_files/Waveform1.vwf.vht
quartus_eda --gen_testbench --tool=modelsim_oem --format=vhdl --write_settings_files=off ComplexCounter -c ComplexCounter --vector_source=C:/Software/DSD_Lab/Lab5/Task1/Waveform2.vwf --testbench_file=C:/Software/DSD_Lab/Lab5/Task1/simulation/qsim/Waveform2.vwf.vht
quartus_eda --write_settings_files=off --simulation=on --functional=on --flatten_buses=off --tool=modelsim_oem --format=vhdl --output_directory=C:/Software/DSD_Lab/Lab5/Task1/simulation/qsim/ ComplexCounter -c ComplexCounter



